Archive member included because of file (symbol)

/opt/Freescale/KDS_v3/toolchain/bin/../lib/gcc/arm-none-eabi/4.8.4/../../../../arm-none-eabi/lib/armv7e-m/fpu/libg_s.a(lib_a-exit.o)
                              /opt/Freescale/KDS_v3/toolchain/bin/../lib/gcc/arm-none-eabi/4.8.4/../../../../arm-none-eabi/lib/armv7e-m/fpu/crt0.o (exit)
/opt/Freescale/KDS_v3/toolchain/bin/../lib/gcc/arm-none-eabi/4.8.4/../../../../arm-none-eabi/lib/armv7e-m/fpu/libg_s.a(lib_a-impure.o)
                              /opt/Freescale/KDS_v3/toolchain/bin/../lib/gcc/arm-none-eabi/4.8.4/../../../../arm-none-eabi/lib/armv7e-m/fpu/libg_s.a(lib_a-exit.o) (_global_impure_ptr)
/opt/Freescale/KDS_v3/toolchain/bin/../lib/gcc/arm-none-eabi/4.8.4/../../../../arm-none-eabi/lib/armv7e-m/fpu/libg_s.a(lib_a-init.o)
                              /opt/Freescale/KDS_v3/toolchain/bin/../lib/gcc/arm-none-eabi/4.8.4/../../../../arm-none-eabi/lib/armv7e-m/fpu/crt0.o (__libc_init_array)
/opt/Freescale/KDS_v3/toolchain/bin/../lib/gcc/arm-none-eabi/4.8.4/../../../../arm-none-eabi/lib/armv7e-m/fpu/libg_s.a(lib_a-memset.o)
                              /opt/Freescale/KDS_v3/toolchain/bin/../lib/gcc/arm-none-eabi/4.8.4/../../../../arm-none-eabi/lib/armv7e-m/fpu/crt0.o (memset)
/opt/Freescale/KDS_v3/toolchain/bin/../lib/gcc/arm-none-eabi/4.8.4/../../../../arm-none-eabi/lib/armv7e-m/fpu/libnosys.a(_exit.o)
                              /opt/Freescale/KDS_v3/toolchain/bin/../lib/gcc/arm-none-eabi/4.8.4/../../../../arm-none-eabi/lib/armv7e-m/fpu/libg_s.a(lib_a-exit.o) (_exit)

Allocating common symbols
Common symbol       size              file

sendbuf             0x3e8             ./Sources/mcu_tracer.o
mainloop_iterations
                    0x4               ./Sources/mcu_tracer.o
debug2              0x4               ./Sources/mcu_tracer.o
monitorvars         0x1b8             ./Sources/mcu_tracer.o
recpos              0x2               ./Sources/uart1.o
global_checksum     0x4               ./Sources/mcu_tracer.o
debugbefore         0x4               ./Sources/mcu_tracer.o
mcu_tracer_checksum
                    0x1               ./Sources/mcu_tracer.o
recievebuf          0xc8              ./Sources/uart1.o
debug1              0x4               ./Sources/mcu_tracer.o
debug3              0x4               ./Sources/mcu_tracer.o

Discarded input sections

 .text          0x00000000        0x0 /opt/Freescale/KDS_v3/toolchain/bin/../lib/gcc/arm-none-eabi/4.8.4/armv7e-m/fpu/crti.o
 .data          0x00000000        0x0 /opt/Freescale/KDS_v3/toolchain/bin/../lib/gcc/arm-none-eabi/4.8.4/armv7e-m/fpu/crti.o
 .bss           0x00000000        0x0 /opt/Freescale/KDS_v3/toolchain/bin/../lib/gcc/arm-none-eabi/4.8.4/armv7e-m/fpu/crti.o
 .data          0x00000000        0x4 /opt/Freescale/KDS_v3/toolchain/bin/../lib/gcc/arm-none-eabi/4.8.4/armv7e-m/fpu/crtbegin.o
 .data          0x00000000        0x0 /opt/Freescale/KDS_v3/toolchain/bin/../lib/gcc/arm-none-eabi/4.8.4/../../../../arm-none-eabi/lib/armv7e-m/fpu/crt0.o
 .bss           0x00000000        0x0 /opt/Freescale/KDS_v3/toolchain/bin/../lib/gcc/arm-none-eabi/4.8.4/../../../../arm-none-eabi/lib/armv7e-m/fpu/crt0.o
 .ARM.extab     0x00000000        0x0 /opt/Freescale/KDS_v3/toolchain/bin/../lib/gcc/arm-none-eabi/4.8.4/../../../../arm-none-eabi/lib/armv7e-m/fpu/crt0.o
 .group         0x00000000        0x8 ./Sources/console.o
 .group         0x00000000        0x8 ./Sources/console.o
 .group         0x00000000        0x8 ./Sources/console.o
 .group         0x00000000        0x8 ./Sources/console.o
 .group         0x00000000        0x8 ./Sources/console.o
 .group         0x00000000        0x8 ./Sources/console.o
 .group         0x00000000        0x8 ./Sources/console.o
 .group         0x00000000        0x8 ./Sources/console.o
 .group         0x00000000        0x8 ./Sources/console.o
 .group         0x00000000        0x8 ./Sources/console.o
 .group         0x00000000        0x8 ./Sources/console.o
 .group         0x00000000        0x8 ./Sources/console.o
 .text          0x00000000        0x0 ./Sources/console.o
 .data          0x00000000        0x0 ./Sources/console.o
 .bss           0x00000000        0x0 ./Sources/console.o
 .text.console_initialise
                0x00000000       0xec ./Sources/console.o
 .text.console_txChar
                0x00000000       0x30 ./Sources/console.o
 .text.console_rxChar
                0x00000000       0x48 ./Sources/console.o
 .debug_info    0x00000000      0x66d ./Sources/console.o
 .debug_abbrev  0x00000000      0x188 ./Sources/console.o
 .debug_aranges
                0x00000000       0x30 ./Sources/console.o
 .debug_ranges  0x00000000       0x20 ./Sources/console.o
 .debug_macro   0x00000000       0xa7 ./Sources/console.o
 .debug_macro   0x00000000      0x850 ./Sources/console.o
 .debug_macro   0x00000000       0x16 ./Sources/console.o
 .debug_macro   0x00000000       0x16 ./Sources/console.o
 .debug_macro   0x00000000       0x44 ./Sources/console.o
 .debug_macro   0x00000000      0x209 ./Sources/console.o
 .debug_macro   0x00000000       0x55 ./Sources/console.o
 .debug_macro   0x00000000       0x3b ./Sources/console.o
 .debug_macro   0x00000000       0x34 ./Sources/console.o
 .debug_macro   0x00000000       0x26 ./Sources/console.o
 .debug_macro   0x00000000      0xd1d ./Sources/console.o
 .debug_macro   0x00000000       0xd9 ./Sources/console.o
 .debug_macro   0x00000000     0xefee ./Sources/console.o
 .debug_line    0x00000000      0x236 ./Sources/console.o
 .debug_str     0x00000000    0x5ee88 ./Sources/console.o
 .comment       0x00000000       0x71 ./Sources/console.o
 .ARM.attributes
                0x00000000       0x39 ./Sources/console.o
 .debug_frame   0x00000000       0x64 ./Sources/console.o
 .group         0x00000000        0x8 ./Sources/leds.o
 .group         0x00000000        0x8 ./Sources/leds.o
 .group         0x00000000        0x8 ./Sources/leds.o
 .group         0x00000000        0x8 ./Sources/leds.o
 .group         0x00000000        0x8 ./Sources/leds.o
 .group         0x00000000        0x8 ./Sources/leds.o
 .group         0x00000000        0x8 ./Sources/leds.o
 .group         0x00000000        0x8 ./Sources/leds.o
 .group         0x00000000        0x8 ./Sources/leds.o
 .group         0x00000000        0x8 ./Sources/leds.o
 .group         0x00000000        0x8 ./Sources/leds.o
 .group         0x00000000        0x8 ./Sources/leds.o
 .text          0x00000000        0x0 ./Sources/leds.o
 .data          0x00000000        0x0 ./Sources/leds.o
 .bss           0x00000000        0x0 ./Sources/leds.o
 .text.toogle_red
                0x00000000       0x18 ./Sources/leds.o
 .debug_macro   0x00000000      0x850 ./Sources/leds.o
 .debug_macro   0x00000000       0x16 ./Sources/leds.o
 .debug_macro   0x00000000       0x16 ./Sources/leds.o
 .debug_macro   0x00000000       0x44 ./Sources/leds.o
 .debug_macro   0x00000000      0x209 ./Sources/leds.o
 .debug_macro   0x00000000       0x55 ./Sources/leds.o
 .debug_macro   0x00000000       0x3b ./Sources/leds.o
 .debug_macro   0x00000000       0x34 ./Sources/leds.o
 .debug_macro   0x00000000       0x26 ./Sources/leds.o
 .debug_macro   0x00000000      0xd1d ./Sources/leds.o
 .debug_macro   0x00000000       0xd9 ./Sources/leds.o
 .debug_macro   0x00000000     0xefee ./Sources/leds.o
 .group         0x00000000        0x8 ./Sources/main.o
 .group         0x00000000        0x8 ./Sources/main.o
 .group         0x00000000        0x8 ./Sources/main.o
 .group         0x00000000        0x8 ./Sources/main.o
 .group         0x00000000        0x8 ./Sources/main.o
 .group         0x00000000        0x8 ./Sources/main.o
 .group         0x00000000        0x8 ./Sources/main.o
 .group         0x00000000        0x8 ./Sources/main.o
 .group         0x00000000        0x8 ./Sources/main.o
 .group         0x00000000        0x8 ./Sources/main.o
 .group         0x00000000        0x8 ./Sources/main.o
 .group         0x00000000        0x8 ./Sources/main.o
 .group         0x00000000        0x8 ./Sources/main.o
 .group         0x00000000        0x8 ./Sources/main.o
 .group         0x00000000        0x8 ./Sources/main.o
 .group         0x00000000        0x8 ./Sources/main.o
 .group         0x00000000        0x8 ./Sources/main.o
 .group         0x00000000        0x8 ./Sources/main.o
 .group         0x00000000        0x8 ./Sources/main.o
 .group         0x00000000        0x8 ./Sources/main.o
 .group         0x00000000        0x8 ./Sources/main.o
 .group         0x00000000        0x8 ./Sources/main.o
 .group         0x00000000        0x8 ./Sources/main.o
 .group         0x00000000        0x8 ./Sources/main.o
 .text          0x00000000        0x0 ./Sources/main.o
 .data          0x00000000        0x0 ./Sources/main.o
 .bss           0x00000000        0x0 ./Sources/main.o
 .bss.i         0x00000000        0x4 ./Sources/main.o
 .text.delay    0x00000000       0x28 ./Sources/main.o
 .debug_macro   0x00000000      0x850 ./Sources/main.o
 .debug_macro   0x00000000       0x16 ./Sources/main.o
 .debug_macro   0x00000000       0x16 ./Sources/main.o
 .debug_macro   0x00000000       0x55 ./Sources/main.o
 .debug_macro   0x00000000       0x3b ./Sources/main.o
 .debug_macro   0x00000000       0x34 ./Sources/main.o
 .debug_macro   0x00000000       0x26 ./Sources/main.o
 .debug_macro   0x00000000      0xd1d ./Sources/main.o
 .debug_macro   0x00000000       0xd9 ./Sources/main.o
 .debug_macro   0x00000000     0xefee ./Sources/main.o
 .group         0x00000000        0x8 ./Sources/mcu_tracer.o
 .group         0x00000000        0x8 ./Sources/mcu_tracer.o
 .group         0x00000000        0x8 ./Sources/mcu_tracer.o
 .group         0x00000000        0x8 ./Sources/mcu_tracer.o
 .group         0x00000000        0x8 ./Sources/mcu_tracer.o
 .group         0x00000000        0x8 ./Sources/mcu_tracer.o
 .group         0x00000000        0x8 ./Sources/mcu_tracer.o
 .group         0x00000000        0x8 ./Sources/mcu_tracer.o
 .group         0x00000000        0x8 ./Sources/mcu_tracer.o
 .group         0x00000000        0x8 ./Sources/mcu_tracer.o
 .group         0x00000000        0x8 ./Sources/mcu_tracer.o
 .group         0x00000000        0x8 ./Sources/mcu_tracer.o
 .group         0x00000000        0x8 ./Sources/mcu_tracer.o
 .group         0x00000000        0x8 ./Sources/mcu_tracer.o
 .group         0x00000000        0x8 ./Sources/mcu_tracer.o
 .text          0x00000000        0x0 ./Sources/mcu_tracer.o
 .data          0x00000000        0x0 ./Sources/mcu_tracer.o
 .bss           0x00000000        0x0 ./Sources/mcu_tracer.o
 .debug_macro   0x00000000      0x850 ./Sources/mcu_tracer.o
 .debug_macro   0x00000000       0x16 ./Sources/mcu_tracer.o
 .debug_macro   0x00000000       0x44 ./Sources/mcu_tracer.o
 .debug_macro   0x00000000      0x209 ./Sources/mcu_tracer.o
 .debug_macro   0x00000000       0x58 ./Sources/mcu_tracer.o
 .debug_macro   0x00000000       0x35 ./Sources/mcu_tracer.o
 .debug_macro   0x00000000       0xa3 ./Sources/mcu_tracer.o
 .debug_macro   0x00000000      0x166 ./Sources/mcu_tracer.o
 .debug_macro   0x00000000       0x52 ./Sources/mcu_tracer.o
 .debug_macro   0x00000000       0x16 ./Sources/mcu_tracer.o
 .debug_macro   0x00000000       0x43 ./Sources/mcu_tracer.o
 .debug_macro   0x00000000      0x180 ./Sources/mcu_tracer.o
 .debug_macro   0x00000000      0x2a6 ./Sources/mcu_tracer.o
 .debug_macro   0x00000000       0x10 ./Sources/mcu_tracer.o
 .debug_macro   0x00000000       0x35 ./Sources/mcu_tracer.o
 .group         0x00000000        0x8 ./Sources/uart1.o
 .group         0x00000000        0x8 ./Sources/uart1.o
 .group         0x00000000        0x8 ./Sources/uart1.o
 .group         0x00000000        0x8 ./Sources/uart1.o
 .group         0x00000000        0x8 ./Sources/uart1.o
 .group         0x00000000        0x8 ./Sources/uart1.o
 .group         0x00000000        0x8 ./Sources/uart1.o
 .group         0x00000000        0x8 ./Sources/uart1.o
 .group         0x00000000        0x8 ./Sources/uart1.o
 .group         0x00000000        0x8 ./Sources/uart1.o
 .group         0x00000000        0x8 ./Sources/uart1.o
 .group         0x00000000        0x8 ./Sources/uart1.o
 .group         0x00000000        0x8 ./Sources/uart1.o
 .group         0x00000000        0x8 ./Sources/uart1.o
 .group         0x00000000        0x8 ./Sources/uart1.o
 .group         0x00000000        0x8 ./Sources/uart1.o
 .group         0x00000000        0x8 ./Sources/uart1.o
 .group         0x00000000        0x8 ./Sources/uart1.o
 .group         0x00000000        0x8 ./Sources/uart1.o
 .group         0x00000000        0x8 ./Sources/uart1.o
 .group         0x00000000        0x8 ./Sources/uart1.o
 .group         0x00000000        0x8 ./Sources/uart1.o
 .group         0x00000000        0x8 ./Sources/uart1.o
 .group         0x00000000        0x8 ./Sources/uart1.o
 .group         0x00000000        0x8 ./Sources/uart1.o
 .group         0x00000000        0x8 ./Sources/uart1.o
 .group         0x00000000        0x8 ./Sources/uart1.o
 .group         0x00000000        0x8 ./Sources/uart1.o
 .text          0x00000000        0x0 ./Sources/uart1.o
 .data          0x00000000        0x0 ./Sources/uart1.o
 .bss           0x00000000        0x0 ./Sources/uart1.o
 .text.UART1_txChar
                0x00000000       0x30 ./Sources/uart1.o
 .debug_macro   0x00000000      0x850 ./Sources/uart1.o
 .debug_macro   0x00000000       0x16 ./Sources/uart1.o
 .debug_macro   0x00000000       0x16 ./Sources/uart1.o
 .debug_macro   0x00000000       0x44 ./Sources/uart1.o
 .debug_macro   0x00000000      0x209 ./Sources/uart1.o
 .debug_macro   0x00000000       0x55 ./Sources/uart1.o
 .debug_macro   0x00000000       0x3b ./Sources/uart1.o
 .debug_macro   0x00000000       0x34 ./Sources/uart1.o
 .debug_macro   0x00000000       0x26 ./Sources/uart1.o
 .debug_macro   0x00000000      0xd1d ./Sources/uart1.o
 .debug_macro   0x00000000       0xd9 ./Sources/uart1.o
 .debug_macro   0x00000000     0xefee ./Sources/uart1.o
 .debug_macro   0x00000000       0x58 ./Sources/uart1.o
 .debug_macro   0x00000000       0x35 ./Sources/uart1.o
 .debug_macro   0x00000000       0xa3 ./Sources/uart1.o
 .debug_macro   0x00000000       0x52 ./Sources/uart1.o
 .debug_macro   0x00000000       0x16 ./Sources/uart1.o
 .debug_macro   0x00000000       0x43 ./Sources/uart1.o
 .debug_macro   0x00000000      0x180 ./Sources/uart1.o
 .data          0x00000000        0x0 ./Project_Settings/Startup_Code/startup_MK22F51212.o
 .bss           0x00000000        0x0 ./Project_Settings/Startup_Code/startup_MK22F51212.o
 .group         0x00000000        0x8 ./Project_Settings/Startup_Code/system_MK22F51212.o
 .group         0x00000000        0x8 ./Project_Settings/Startup_Code/system_MK22F51212.o
 .group         0x00000000        0x8 ./Project_Settings/Startup_Code/system_MK22F51212.o
 .group         0x00000000        0x8 ./Project_Settings/Startup_Code/system_MK22F51212.o
 .group         0x00000000        0x8 ./Project_Settings/Startup_Code/system_MK22F51212.o
 .group         0x00000000        0x8 ./Project_Settings/Startup_Code/system_MK22F51212.o
 .group         0x00000000        0x8 ./Project_Settings/Startup_Code/system_MK22F51212.o
 .group         0x00000000        0x8 ./Project_Settings/Startup_Code/system_MK22F51212.o
 .group         0x00000000        0x8 ./Project_Settings/Startup_Code/system_MK22F51212.o
 .group         0x00000000        0x8 ./Project_Settings/Startup_Code/system_MK22F51212.o
 .group         0x00000000        0x8 ./Project_Settings/Startup_Code/system_MK22F51212.o
 .text          0x00000000        0x0 ./Project_Settings/Startup_Code/system_MK22F51212.o
 .data          0x00000000        0x0 ./Project_Settings/Startup_Code/system_MK22F51212.o
 .bss           0x00000000        0x0 ./Project_Settings/Startup_Code/system_MK22F51212.o
 .debug_macro   0x00000000      0x850 ./Project_Settings/Startup_Code/system_MK22F51212.o
 .debug_macro   0x00000000       0x16 ./Project_Settings/Startup_Code/system_MK22F51212.o
 .debug_macro   0x00000000       0x44 ./Project_Settings/Startup_Code/system_MK22F51212.o
 .debug_macro   0x00000000      0x209 ./Project_Settings/Startup_Code/system_MK22F51212.o
 .debug_macro   0x00000000       0x3b ./Project_Settings/Startup_Code/system_MK22F51212.o
 .debug_macro   0x00000000       0x34 ./Project_Settings/Startup_Code/system_MK22F51212.o
 .debug_macro   0x00000000       0x26 ./Project_Settings/Startup_Code/system_MK22F51212.o
 .debug_macro   0x00000000      0xd1d ./Project_Settings/Startup_Code/system_MK22F51212.o
 .debug_macro   0x00000000       0xd9 ./Project_Settings/Startup_Code/system_MK22F51212.o
 .debug_macro   0x00000000     0xefee ./Project_Settings/Startup_Code/system_MK22F51212.o
 .text          0x00000000        0x0 /opt/Freescale/KDS_v3/toolchain/bin/../lib/gcc/arm-none-eabi/4.8.4/../../../../arm-none-eabi/lib/armv7e-m/fpu/libg_s.a(lib_a-exit.o)
 .data          0x00000000        0x0 /opt/Freescale/KDS_v3/toolchain/bin/../lib/gcc/arm-none-eabi/4.8.4/../../../../arm-none-eabi/lib/armv7e-m/fpu/libg_s.a(lib_a-exit.o)
 .bss           0x00000000        0x0 /opt/Freescale/KDS_v3/toolchain/bin/../lib/gcc/arm-none-eabi/4.8.4/../../../../arm-none-eabi/lib/armv7e-m/fpu/libg_s.a(lib_a-exit.o)
 .text          0x00000000        0x0 /opt/Freescale/KDS_v3/toolchain/bin/../lib/gcc/arm-none-eabi/4.8.4/../../../../arm-none-eabi/lib/armv7e-m/fpu/libg_s.a(lib_a-impure.o)
 .data          0x00000000        0x0 /opt/Freescale/KDS_v3/toolchain/bin/../lib/gcc/arm-none-eabi/4.8.4/../../../../arm-none-eabi/lib/armv7e-m/fpu/libg_s.a(lib_a-impure.o)
 .bss           0x00000000        0x0 /opt/Freescale/KDS_v3/toolchain/bin/../lib/gcc/arm-none-eabi/4.8.4/../../../../arm-none-eabi/lib/armv7e-m/fpu/libg_s.a(lib_a-impure.o)
 .data._impure_ptr
                0x00000000        0x4 /opt/Freescale/KDS_v3/toolchain/bin/../lib/gcc/arm-none-eabi/4.8.4/../../../../arm-none-eabi/lib/armv7e-m/fpu/libg_s.a(lib_a-impure.o)
 .text          0x00000000        0x0 /opt/Freescale/KDS_v3/toolchain/bin/../lib/gcc/arm-none-eabi/4.8.4/../../../../arm-none-eabi/lib/armv7e-m/fpu/libg_s.a(lib_a-init.o)
 .data          0x00000000        0x0 /opt/Freescale/KDS_v3/toolchain/bin/../lib/gcc/arm-none-eabi/4.8.4/../../../../arm-none-eabi/lib/armv7e-m/fpu/libg_s.a(lib_a-init.o)
 .bss           0x00000000        0x0 /opt/Freescale/KDS_v3/toolchain/bin/../lib/gcc/arm-none-eabi/4.8.4/../../../../arm-none-eabi/lib/armv7e-m/fpu/libg_s.a(lib_a-init.o)
 .text          0x00000000        0x0 /opt/Freescale/KDS_v3/toolchain/bin/../lib/gcc/arm-none-eabi/4.8.4/../../../../arm-none-eabi/lib/armv7e-m/fpu/libg_s.a(lib_a-memset.o)
 .data          0x00000000        0x0 /opt/Freescale/KDS_v3/toolchain/bin/../lib/gcc/arm-none-eabi/4.8.4/../../../../arm-none-eabi/lib/armv7e-m/fpu/libg_s.a(lib_a-memset.o)
 .bss           0x00000000        0x0 /opt/Freescale/KDS_v3/toolchain/bin/../lib/gcc/arm-none-eabi/4.8.4/../../../../arm-none-eabi/lib/armv7e-m/fpu/libg_s.a(lib_a-memset.o)
 .text          0x00000000        0x0 /opt/Freescale/KDS_v3/toolchain/bin/../lib/gcc/arm-none-eabi/4.8.4/../../../../arm-none-eabi/lib/armv7e-m/fpu/libnosys.a(_exit.o)
 .data          0x00000000        0x0 /opt/Freescale/KDS_v3/toolchain/bin/../lib/gcc/arm-none-eabi/4.8.4/../../../../arm-none-eabi/lib/armv7e-m/fpu/libnosys.a(_exit.o)
 .bss           0x00000000        0x0 /opt/Freescale/KDS_v3/toolchain/bin/../lib/gcc/arm-none-eabi/4.8.4/../../../../arm-none-eabi/lib/armv7e-m/fpu/libnosys.a(_exit.o)
 .text          0x00000000        0x0 /opt/Freescale/KDS_v3/toolchain/bin/../lib/gcc/arm-none-eabi/4.8.4/armv7e-m/fpu/crtend.o
 .data          0x00000000        0x0 /opt/Freescale/KDS_v3/toolchain/bin/../lib/gcc/arm-none-eabi/4.8.4/armv7e-m/fpu/crtend.o
 .bss           0x00000000        0x0 /opt/Freescale/KDS_v3/toolchain/bin/../lib/gcc/arm-none-eabi/4.8.4/armv7e-m/fpu/crtend.o
 .eh_frame      0x00000000        0x4 /opt/Freescale/KDS_v3/toolchain/bin/../lib/gcc/arm-none-eabi/4.8.4/armv7e-m/fpu/crtend.o
 .text          0x00000000        0x0 /opt/Freescale/KDS_v3/toolchain/bin/../lib/gcc/arm-none-eabi/4.8.4/armv7e-m/fpu/crtn.o
 .data          0x00000000        0x0 /opt/Freescale/KDS_v3/toolchain/bin/../lib/gcc/arm-none-eabi/4.8.4/armv7e-m/fpu/crtn.o
 .bss           0x00000000        0x0 /opt/Freescale/KDS_v3/toolchain/bin/../lib/gcc/arm-none-eabi/4.8.4/armv7e-m/fpu/crtn.o

Memory Configuration

Name             Origin             Length             Attributes
m_interrupts     0x00000000         0x00000400         xr
m_flash_config   0x00000400         0x00000010         xr
m_text           0x00000410         0x0007fbf0         xr
m_data           0x1fff0000         0x00010000         rw
m_data_2         0x20000000         0x00010000         rw
*default*        0x00000000         0xffffffff

Linker script and memory map

LOAD /opt/Freescale/KDS_v3/toolchain/bin/../lib/gcc/arm-none-eabi/4.8.4/armv7e-m/fpu/crti.o
LOAD /opt/Freescale/KDS_v3/toolchain/bin/../lib/gcc/arm-none-eabi/4.8.4/armv7e-m/fpu/crtbegin.o
LOAD /opt/Freescale/KDS_v3/toolchain/bin/../lib/gcc/arm-none-eabi/4.8.4/../../../../arm-none-eabi/lib/armv7e-m/fpu/crt0.o
LOAD ./Sources/console.o
LOAD ./Sources/leds.o
LOAD ./Sources/main.o
LOAD ./Sources/mcu_tracer.o
LOAD ./Sources/uart1.o
LOAD ./Project_Settings/Startup_Code/startup_MK22F51212.o
LOAD ./Project_Settings/Startup_Code/system_MK22F51212.o
LOAD /opt/Freescale/KDS_v3/toolchain/bin/../lib/gcc/arm-none-eabi/4.8.4/../../../../arm-none-eabi/lib/armv7e-m/fpu/libstdc++_s.a
LOAD /opt/Freescale/KDS_v3/toolchain/bin/../lib/gcc/arm-none-eabi/4.8.4/../../../../arm-none-eabi/lib/armv7e-m/fpu/libm.a
START GROUP
LOAD /opt/Freescale/KDS_v3/toolchain/bin/../lib/gcc/arm-none-eabi/4.8.4/armv7e-m/fpu/libgcc.a
LOAD /opt/Freescale/KDS_v3/toolchain/bin/../lib/gcc/arm-none-eabi/4.8.4/../../../../arm-none-eabi/lib/armv7e-m/fpu/libg_s.a
LOAD /opt/Freescale/KDS_v3/toolchain/bin/../lib/gcc/arm-none-eabi/4.8.4/../../../../arm-none-eabi/lib/armv7e-m/fpu/libc_s.a
END GROUP
START GROUP
LOAD /opt/Freescale/KDS_v3/toolchain/bin/../lib/gcc/arm-none-eabi/4.8.4/armv7e-m/fpu/libgcc.a
LOAD /opt/Freescale/KDS_v3/toolchain/bin/../lib/gcc/arm-none-eabi/4.8.4/../../../../arm-none-eabi/lib/armv7e-m/fpu/libc_s.a
LOAD /opt/Freescale/KDS_v3/toolchain/bin/../lib/gcc/arm-none-eabi/4.8.4/../../../../arm-none-eabi/lib/armv7e-m/fpu/libnosys.a
END GROUP
START GROUP
LOAD /opt/Freescale/KDS_v3/toolchain/bin/../lib/gcc/arm-none-eabi/4.8.4/armv7e-m/fpu/libgcc.a
LOAD /opt/Freescale/KDS_v3/toolchain/bin/../lib/gcc/arm-none-eabi/4.8.4/../../../../arm-none-eabi/lib/armv7e-m/fpu/libc_s.a
LOAD /opt/Freescale/KDS_v3/toolchain/bin/../lib/gcc/arm-none-eabi/4.8.4/../../../../arm-none-eabi/lib/armv7e-m/fpu/libnosys.a
END GROUP
LOAD /opt/Freescale/KDS_v3/toolchain/bin/../lib/gcc/arm-none-eabi/4.8.4/armv7e-m/fpu/crtend.o
LOAD /opt/Freescale/KDS_v3/toolchain/bin/../lib/gcc/arm-none-eabi/4.8.4/armv7e-m/fpu/crtn.o
                0x00000400                HEAP_SIZE = DEFINED (__heap_size__)?__heap_size__:0x400
                0x00000400                STACK_SIZE = DEFINED (__stack_size__)?__stack_size__:0x400

.interrupts     0x00000000      0x400
                0x00000000                __VECTOR_TABLE = .
                0x00000000                . = ALIGN (0x4)
 *(.isr_vector)
 .isr_vector    0x00000000      0x400 ./Project_Settings/Startup_Code/startup_MK22F51212.o
                0x00000000                __isr_vector
                0x00000400                . = ALIGN (0x4)

.flash_config   0x00000400       0x10
                0x00000400                . = ALIGN (0x4)
 *(.FlashConfig)
 .FlashConfig   0x00000400       0x10 ./Project_Settings/Startup_Code/startup_MK22F51212.o
                0x00000410                . = ALIGN (0x4)

.text           0x00000410     0x12a0
                0x00000410                . = ALIGN (0x4)
 *(.text)
 .text          0x00000410       0x54 /opt/Freescale/KDS_v3/toolchain/bin/../lib/gcc/arm-none-eabi/4.8.4/armv7e-m/fpu/crtbegin.o
 .text          0x00000464       0x74 /opt/Freescale/KDS_v3/toolchain/bin/../lib/gcc/arm-none-eabi/4.8.4/../../../../arm-none-eabi/lib/armv7e-m/fpu/crt0.o
                0x00000464                _mainCRTStartup
                0x00000464                _start
 .text          0x000004d8       0x30 ./Project_Settings/Startup_Code/startup_MK22F51212.o
                0x000004d8                Reset_Handler
                0x00000504                Reserved96_IRQHandler
                0x00000504                Reserved54_IRQHandler
                0x00000504                DebugMon_Handler
                0x00000504                I2C0_IRQHandler
                0x00000504                HardFault_Handler
                0x00000504                Reserved86_IRQHandler
                0x00000504                Reserved85_IRQHandler
                0x00000504                SysTick_Handler
                0x00000504                PendSV_Handler
                0x00000504                NMI_Handler
                0x00000504                UART0_RX_TX_IRQHandler
                0x00000504                I2C1_IRQHandler
                0x00000504                DMA2_IRQHandler
                0x00000504                Reserved99_IRQHandler
                0x00000504                PIT0_IRQHandler
                0x00000504                LLWU_IRQHandler
                0x00000504                Reserved84_IRQHandler
                0x00000504                Reserved92_IRQHandler
                0x00000504                UART2_RX_TX_IRQHandler
                0x00000504                SWI_IRQHandler
                0x00000504                ADC0_IRQHandler
                0x00000504                UsageFault_Handler
                0x00000504                I2S0_Tx_IRQHandler
                0x00000504                SPI1_IRQHandler
                0x00000504                DefaultISR
                0x00000504                DMA9_IRQHandler
                0x00000504                DMA14_IRQHandler
                0x00000504                Reserved82_IRQHandler
                0x00000504                CMP1_IRQHandler
                0x00000504                Reserved71_IRQHandler
                0x00000504                PORTD_IRQHandler
                0x00000504                PORTB_IRQHandler
                0x00000504                Reserved70_IRQHandler
                0x00000504                ADC1_IRQHandler
                0x00000504                PIT2_IRQHandler
                0x00000504                I2S0_Rx_IRQHandler
                0x00000504                Reserved53_IRQHandler
                0x00000504                DMA5_IRQHandler
                0x00000504                RTC_IRQHandler
                0x00000504                PDB0_IRQHandler
                0x00000504                FTM1_IRQHandler
                0x00000504                Reserved61_IRQHandler
                0x00000504                Reserved95_IRQHandler
                0x00000504                PIT3_IRQHandler
                0x00000504                RTC_Seconds_IRQHandler
                0x00000504                MCG_IRQHandler
                0x00000504                UART2_ERR_IRQHandler
                0x00000504                DMA11_IRQHandler
                0x00000504                Read_Collision_IRQHandler
                0x00000504                Reserved98_IRQHandler
                0x00000504                DMA7_IRQHandler
                0x00000504                Reserved101_IRQHandler
                0x00000504                USB0_IRQHandler
                0x00000504                WDOG_EWM_IRQHandler
                0x00000504                MemManage_Handler
                0x00000504                Reserved90_IRQHandler
                0x00000504                Reserved83_IRQHandler
                0x00000504                SVC_Handler
                0x00000504                DMA13_IRQHandler
                0x00000504                DMA3_IRQHandler
                0x00000504                Reserved100_IRQHandler
                0x00000504                RNG_IRQHandler
                0x00000504                DMA0_IRQHandler
                0x00000504                Reserved97_IRQHandler
                0x00000504                Reserved91_IRQHandler
                0x00000504                LPUART0_IRQHandler
                0x00000504                DMA15_IRQHandler
                0x00000504                DAC0_IRQHandler
                0x00000504                Reserved81_IRQHandler
                0x00000504                Reserved94_IRQHandler
                0x00000504                DMA4_IRQHandler
                0x00000504                PIT1_IRQHandler
                0x00000504                UART0_ERR_IRQHandler
                0x00000504                DMA_Error_IRQHandler
                0x00000504                LVD_LVW_IRQHandler
                0x00000504                SPI0_IRQHandler
                0x00000504                FTM0_IRQHandler
                0x00000504                PORTA_IRQHandler
                0x00000504                DAC1_IRQHandler
                0x00000504                MCM_IRQHandler
                0x00000504                DMA12_IRQHandler
                0x00000504                FTM3_IRQHandler
                0x00000504                PORTE_IRQHandler
                0x00000504                FTM2_IRQHandler
                0x00000504                LPTMR0_IRQHandler
                0x00000504                BusFault_Handler
                0x00000504                DMA8_IRQHandler
                0x00000504                Reserved93_IRQHandler
                0x00000504                DMA10_IRQHandler
                0x00000504                UART1_ERR_IRQHandler
                0x00000504                UART1_RX_TX_IRQHandler
                0x00000504                CMP0_IRQHandler
                0x00000504                PORTC_IRQHandler
                0x00000504                DMA6_IRQHandler
                0x00000504                FTF_IRQHandler
                0x00000504                DMA1_IRQHandler
 *(.text*)
 .text.init_leds
                0x00000508       0x44 ./Sources/leds.o
                0x00000508                init_leds
 .text.red_on   0x0000054c       0x18 ./Sources/leds.o
                0x0000054c                red_on
 .text.red_off  0x00000564       0x18 ./Sources/leds.o
                0x00000564                red_off
 .text.main     0x0000057c       0x50 ./Sources/main.o
                0x0000057c                main
 .text.mcu_tracer_config
                0x000005cc       0x14 ./Sources/mcu_tracer.o
                0x000005cc                mcu_tracer_config
 .text.mcu_tracer_fill
                0x000005e0      0x10c ./Sources/mcu_tracer.o
                0x000005e0                mcu_tracer_fill
 .text.rec_char
                0x000006ec       0x38 ./Sources/mcu_tracer.o
                0x000006ec                rec_char
 .text.rec_checksum
                0x00000724       0x38 ./Sources/mcu_tracer.o
                0x00000724                rec_checksum
 .text.mcu_tracer_process
                0x0000075c      0x11c ./Sources/mcu_tracer.o
                0x0000075c                mcu_tracer_process
 .text.mcu_tracer_write_serial
                0x00000878       0x40 ./Sources/mcu_tracer.o
                0x00000878                mcu_tracer_write_serial
 .text.mcu_tracer_flush_buffer
                0x000008b8       0x20 ./Sources/mcu_tracer.o
                0x000008b8                mcu_tracer_flush_buffer
 .text.mcu_tracer_write_string
                0x000008d8       0x30 ./Sources/mcu_tracer.o
                0x000008d8                mcu_tracer_write_string
 .text.mcu_tracer_send_checksum
                0x00000908       0x34 ./Sources/mcu_tracer.o
                0x00000908                mcu_tracer_send_checksum
 .text.mcu_tracer_init
                0x0000093c       0xa0 ./Sources/mcu_tracer.o
                0x0000093c                mcu_tracer_init
 .text.mcu_tracer_vals
                0x000009dc       0x98 ./Sources/mcu_tracer.o
                0x000009dc                mcu_tracer_vals
 .text.mcu_tracer_update
                0x00000a74       0xd0 ./Sources/mcu_tracer.o
                0x00000a74                mcu_tracer_update
 .text.mcu_tracer_msg
                0x00000b44       0x28 ./Sources/mcu_tracer.o
                0x00000b44                mcu_tracer_msg
 .text.mcu_tracer_inform
                0x00000b6c       0x94 ./Sources/mcu_tracer.o
                0x00000b6c                mcu_tracer_inform
 .text.mcu_tracer_init_reply
                0x00000c00       0x18 ./Sources/mcu_tracer.o
                0x00000c00                mcu_tracer_init_reply
 .text.mcu_tracer_emergency_reply
                0x00000c18       0x1c ./Sources/mcu_tracer.o
                0x00000c18                mcu_tracer_emergency_reply
 .text.mcu_tracer_emergency
                0x00000c34       0x10 ./Sources/mcu_tracer.o
                0x00000c34                mcu_tracer_emergency
 .text.UART1_init_defaultparam
                0x00000c44       0x6c ./Sources/uart1.o
                0x00000c44                UART1_init_defaultparam
 .text.UART1_startup
                0x00000cb0       0xa0 ./Sources/uart1.o
                0x00000cb0                UART1_startup
 .text.UART1_dmaconfig
                0x00000d50       0xd0 ./Sources/uart1.o
                0x00000d50                UART1_dmaconfig
 .text.UART1_dma_complete
                0x00000e20       0x24 ./Sources/uart1.o
                0x00000e20                UART1_dma_complete
 .text.UART1_dma_complete_wait
                0x00000e44       0x28 ./Sources/uart1.o
                0x00000e44                UART1_dma_complete_wait
 .text.UART1_txBulk
                0x00000e6c       0x94 ./Sources/uart1.o
                0x00000e6c                UART1_txBulk
 .text.UART1_dma_config_rec
                0x00000f00       0xc4 ./Sources/uart1.o
                0x00000f00                UART1_dma_config_rec
 .text.UART1_rec_size
                0x00000fc4       0x30 ./Sources/uart1.o
                0x00000fc4                UART1_rec_size
 .text.UART1_rec_buf_reset
                0x00000ff4       0xc4 ./Sources/uart1.o
                0x00000ff4                UART1_rec_buf_reset
 .text.UART1_buffercontent
                0x000010b8       0x24 ./Sources/uart1.o
                0x000010b8                UART1_buffercontent
 .text.UART1_getch
                0x000010dc       0x44 ./Sources/uart1.o
                0x000010dc                UART1_getch
 .text.SystemInit
                0x00001120      0x20c ./Project_Settings/Startup_Code/system_MK22F51212.o
                0x00001120                SystemInit
 .text.SystemCoreClockUpdate
                0x0000132c      0x270 ./Project_Settings/Startup_Code/system_MK22F51212.o
                0x0000132c                SystemCoreClockUpdate
 .text.exit     0x0000159c       0x28 /opt/Freescale/KDS_v3/toolchain/bin/../lib/gcc/arm-none-eabi/4.8.4/../../../../arm-none-eabi/lib/armv7e-m/fpu/libg_s.a(lib_a-exit.o)
                0x0000159c                exit
 .text.__libc_init_array
                0x000015c4       0x4c /opt/Freescale/KDS_v3/toolchain/bin/../lib/gcc/arm-none-eabi/4.8.4/../../../../arm-none-eabi/lib/armv7e-m/fpu/libg_s.a(lib_a-init.o)
                0x000015c4                __libc_init_array
 .text.memset   0x00001610       0x10 /opt/Freescale/KDS_v3/toolchain/bin/../lib/gcc/arm-none-eabi/4.8.4/../../../../arm-none-eabi/lib/armv7e-m/fpu/libg_s.a(lib_a-memset.o)
                0x00001610                memset
 .text._exit    0x00001620        0x4 /opt/Freescale/KDS_v3/toolchain/bin/../lib/gcc/arm-none-eabi/4.8.4/../../../../arm-none-eabi/lib/armv7e-m/fpu/libnosys.a(_exit.o)
                0x00001620                _exit
 *(.rodata)
 .rodata        0x00001624       0x6c ./Sources/mcu_tracer.o
 *(.rodata*)
 .rodata.str1.1
                0x00001690        0x2 /opt/Freescale/KDS_v3/toolchain/bin/../lib/gcc/arm-none-eabi/4.8.4/../../../../arm-none-eabi/lib/armv7e-m/fpu/libg_s.a(lib_a-impure.o)
 *fill*         0x00001692        0x2 
 .rodata._global_impure_ptr
                0x00001694        0x4 /opt/Freescale/KDS_v3/toolchain/bin/../lib/gcc/arm-none-eabi/4.8.4/../../../../arm-none-eabi/lib/armv7e-m/fpu/libg_s.a(lib_a-impure.o)
                0x00001694                _global_impure_ptr
 *(.glue_7)
 .glue_7        0x00000000        0x0 linker stubs
 *(.glue_7t)
 .glue_7t       0x00000000        0x0 linker stubs
 *(.eh_frame)
 .eh_frame      0x00001698        0x0 /opt/Freescale/KDS_v3/toolchain/bin/../lib/gcc/arm-none-eabi/4.8.4/armv7e-m/fpu/crtbegin.o
 *(.init)
 .init          0x00001698        0x4 /opt/Freescale/KDS_v3/toolchain/bin/../lib/gcc/arm-none-eabi/4.8.4/armv7e-m/fpu/crti.o
                0x00001698                _init
 .init          0x0000169c        0x8 /opt/Freescale/KDS_v3/toolchain/bin/../lib/gcc/arm-none-eabi/4.8.4/armv7e-m/fpu/crtn.o
 *(.fini)
 .fini          0x000016a4        0x4 /opt/Freescale/KDS_v3/toolchain/bin/../lib/gcc/arm-none-eabi/4.8.4/armv7e-m/fpu/crti.o
                0x000016a4                _fini
 .fini          0x000016a8        0x8 /opt/Freescale/KDS_v3/toolchain/bin/../lib/gcc/arm-none-eabi/4.8.4/armv7e-m/fpu/crtn.o
                0x000016b0                . = ALIGN (0x4)

.vfp11_veneer   0x000016b0        0x0
 .vfp11_veneer  0x00000000        0x0 linker stubs

.v4_bx          0x000016b0        0x0
 .v4_bx         0x00000000        0x0 linker stubs

.iplt           0x000016b0        0x0
 .iplt          0x00000000        0x0 /opt/Freescale/KDS_v3/toolchain/bin/../lib/gcc/arm-none-eabi/4.8.4/armv7e-m/fpu/crtbegin.o

.ARM.extab
 *(.ARM.extab* .gnu.linkonce.armextab.*)

.ARM            0x000016b0        0x8
                0x000016b0                __exidx_start = .
 *(.ARM.exidx*)
 .ARM.exidx     0x000016b0        0x8 /opt/Freescale/KDS_v3/toolchain/bin/../lib/gcc/arm-none-eabi/4.8.4/../../../../arm-none-eabi/lib/armv7e-m/fpu/crt0.o
                0x000016b8                __exidx_end = .

.rel.dyn        0x000016b8        0x0
 .rel.iplt      0x00000000        0x0 /opt/Freescale/KDS_v3/toolchain/bin/../lib/gcc/arm-none-eabi/4.8.4/armv7e-m/fpu/crtbegin.o

.ctors          0x000016b8        0x0
                0x000016b8                __CTOR_LIST__ = .
 *crtbegin.o(.ctors)
 *crtbegin?.o(.ctors)
 *(EXCLUDE_FILE(*crtend.o *crtend?.o) .ctors)
 *(SORT(.ctors.*))
 *(.ctors)
                0x000016b8                __CTOR_END__ = .

.dtors          0x000016b8        0x0
                0x000016b8                __DTOR_LIST__ = .
 *crtbegin.o(.dtors)
 *crtbegin?.o(.dtors)
 *(EXCLUDE_FILE(*crtend.o *crtend?.o) .dtors)
 *(SORT(.dtors.*))
 *(.dtors)
                0x000016b8                __DTOR_END__ = .

.preinit_array  0x000016b8        0x0
                0x000016b8                PROVIDE (__preinit_array_start, .)
 *(.preinit_array*)
                0x000016b8                PROVIDE (__preinit_array_end, .)

.init_array     0x000016b8        0x4
                0x000016b8                PROVIDE (__init_array_start, .)
 *(SORT(.init_array.*))
 *(.init_array*)
 .init_array    0x000016b8        0x4 /opt/Freescale/KDS_v3/toolchain/bin/../lib/gcc/arm-none-eabi/4.8.4/armv7e-m/fpu/crtbegin.o
                0x000016bc                PROVIDE (__init_array_end, .)

.fini_array     0x000016bc        0x4
                0x000016bc                PROVIDE (__fini_array_start, .)
 *(SORT(.fini_array.*))
 *(.fini_array*)
 .fini_array    0x000016bc        0x4 /opt/Freescale/KDS_v3/toolchain/bin/../lib/gcc/arm-none-eabi/4.8.4/armv7e-m/fpu/crtbegin.o
                0x000016c0                PROVIDE (__fini_array_end, .)
                0x000016c0                __etext = .
                0x000016c0                __DATA_ROM = .

.data           0x1fff0000       0x68 load address 0x000016c0
                0x1fff0000                . = ALIGN (0x4)
                0x1fff0000                __DATA_RAM = .
                0x1fff0000                __data_start__ = .
 *(.data)
 *(.data*)
 .data.SystemCoreClock
                0x1fff0000        0x4 ./Project_Settings/Startup_Code/system_MK22F51212.o
                0x1fff0000                SystemCoreClock
 .data.impure_data
                0x1fff0004       0x60 /opt/Freescale/KDS_v3/toolchain/bin/../lib/gcc/arm-none-eabi/4.8.4/../../../../arm-none-eabi/lib/armv7e-m/fpu/libg_s.a(lib_a-impure.o)
 *(.jcr*)
 .jcr           0x1fff0064        0x0 /opt/Freescale/KDS_v3/toolchain/bin/../lib/gcc/arm-none-eabi/4.8.4/armv7e-m/fpu/crtbegin.o
 .jcr           0x1fff0064        0x4 /opt/Freescale/KDS_v3/toolchain/bin/../lib/gcc/arm-none-eabi/4.8.4/armv7e-m/fpu/crtend.o
                0x1fff0068                . = ALIGN (0x4)
                0x1fff0068                __data_end__ = .
                0x00001728                __DATA_END = (__DATA_ROM + (__data_end__ - __data_start__))

.igot.plt       0x1fff0068        0x0 load address 0x00001728
 .igot.plt      0x00000000        0x0 /opt/Freescale/KDS_v3/toolchain/bin/../lib/gcc/arm-none-eabi/4.8.4/armv7e-m/fpu/crtbegin.o

.bss            0x1fff0068      0x6a8 load address 0x00001728
                0x1fff0068                . = ALIGN (0x4)
                0x1fff0068                __START_BSS = .
                0x1fff0068                __bss_start__ = .
 *(.bss)
 .bss           0x1fff0068       0x1c /opt/Freescale/KDS_v3/toolchain/bin/../lib/gcc/arm-none-eabi/4.8.4/armv7e-m/fpu/crtbegin.o
 *(.bss*)
 .bss.sendbuf_pos
                0x1fff0084        0x2 ./Sources/mcu_tracer.o
                0x1fff0084                sendbuf_pos
 .bss.dummyzero
                0x1fff0086        0x1 ./Sources/uart1.o
                0x1fff0086                dummyzero
 *(COMMON)
 *fill*         0x1fff0087        0x1 
 COMMON         0x1fff0088      0x5bc ./Sources/mcu_tracer.o
                0x1fff0088                sendbuf
                0x1fff0470                mainloop_iterations
                0x1fff0474                debug2
                0x1fff0478                monitorvars
                0x1fff0630                global_checksum
                0x1fff0634                debugbefore
                0x1fff0638                mcu_tracer_checksum
                0x1fff063c                debug1
                0x1fff0640                debug3
 COMMON         0x1fff0644       0xcc ./Sources/uart1.o
                0x1fff0644                recpos
                0x1fff0648                recievebuf
                0x1fff0710                . = ALIGN (0x4)
                0x1fff0710                __bss_end__ = .
                0x1fff0710                __END_BSS = .

.heap           0x20000000      0x400
                0x20000000                . = ALIGN (0x8)
                0x20000000                __end__ = .
                0x20000000                PROVIDE (end, .)
                0x20000000                __HeapBase = .
                0x20000400                . = (. + HEAP_SIZE)
 *fill*         0x20000000      0x400 
                0x20000400                __HeapLimit = .

.stack          0x20000400      0x400
                0x20000400                . = ALIGN (0x8)
                0x20000800                . = (. + STACK_SIZE)
 *fill*         0x20000400      0x400 
                0x20010000                __StackTop = (ORIGIN (m_data_2) + 0x10000)
                0x2000fc00                __StackLimit = (__StackTop - STACK_SIZE)
                0x20010000                PROVIDE (__stack, __StackTop)

.ARM.attributes
                0x00000000       0x30
 *(.ARM.attributes)
 .ARM.attributes
                0x00000000       0x22 /opt/Freescale/KDS_v3/toolchain/bin/../lib/gcc/arm-none-eabi/4.8.4/armv7e-m/fpu/crti.o
 .ARM.attributes
                0x00000022       0x34 /opt/Freescale/KDS_v3/toolchain/bin/../lib/gcc/arm-none-eabi/4.8.4/armv7e-m/fpu/crtbegin.o
 .ARM.attributes
                0x00000056       0x20 /opt/Freescale/KDS_v3/toolchain/bin/../lib/gcc/arm-none-eabi/4.8.4/../../../../arm-none-eabi/lib/armv7e-m/fpu/crt0.o
 .ARM.attributes
                0x00000076       0x39 ./Sources/leds.o
 .ARM.attributes
                0x000000af       0x39 ./Sources/main.o
 .ARM.attributes
                0x000000e8       0x39 ./Sources/mcu_tracer.o
 .ARM.attributes
                0x00000121       0x39 ./Sources/uart1.o
 .ARM.attributes
                0x0000015a       0x1f ./Project_Settings/Startup_Code/startup_MK22F51212.o
 .ARM.attributes
                0x00000179       0x39 ./Project_Settings/Startup_Code/system_MK22F51212.o
 .ARM.attributes
                0x000001b2       0x34 /opt/Freescale/KDS_v3/toolchain/bin/../lib/gcc/arm-none-eabi/4.8.4/../../../../arm-none-eabi/lib/armv7e-m/fpu/libg_s.a(lib_a-exit.o)
 .ARM.attributes
                0x000001e6       0x34 /opt/Freescale/KDS_v3/toolchain/bin/../lib/gcc/arm-none-eabi/4.8.4/../../../../arm-none-eabi/lib/armv7e-m/fpu/libg_s.a(lib_a-impure.o)
 .ARM.attributes
                0x0000021a       0x34 /opt/Freescale/KDS_v3/toolchain/bin/../lib/gcc/arm-none-eabi/4.8.4/../../../../arm-none-eabi/lib/armv7e-m/fpu/libg_s.a(lib_a-init.o)
 .ARM.attributes
                0x0000024e       0x34 /opt/Freescale/KDS_v3/toolchain/bin/../lib/gcc/arm-none-eabi/4.8.4/../../../../arm-none-eabi/lib/armv7e-m/fpu/libg_s.a(lib_a-memset.o)
 .ARM.attributes
                0x00000282       0x34 /opt/Freescale/KDS_v3/toolchain/bin/../lib/gcc/arm-none-eabi/4.8.4/../../../../arm-none-eabi/lib/armv7e-m/fpu/libnosys.a(_exit.o)
 .ARM.attributes
                0x000002b6       0x34 /opt/Freescale/KDS_v3/toolchain/bin/../lib/gcc/arm-none-eabi/4.8.4/armv7e-m/fpu/crtend.o
 .ARM.attributes
                0x000002ea       0x22 /opt/Freescale/KDS_v3/toolchain/bin/../lib/gcc/arm-none-eabi/4.8.4/armv7e-m/fpu/crtn.o
                0x00000001                ASSERT ((__StackLimit >= __HeapLimit), region m_data_2 overflowed with stack and heap)
OUTPUT(test3.elf elf32-littlearm)

.debug_info     0x00000000     0x20df
 .debug_info    0x00000000      0x3df ./Sources/leds.o
 .debug_info    0x000003df      0x147 ./Sources/main.o
 .debug_info    0x00000526      0x500 ./Sources/mcu_tracer.o
 .debug_info    0x00000a26      0xb17 ./Sources/uart1.o
 .debug_info    0x0000153d       0x82 ./Project_Settings/Startup_Code/startup_MK22F51212.o
 .debug_info    0x000015bf      0xb20 ./Project_Settings/Startup_Code/system_MK22F51212.o

.debug_abbrev   0x00000000      0x6fa
 .debug_abbrev  0x00000000       0xe0 ./Sources/leds.o
 .debug_abbrev  0x000000e0       0xc9 ./Sources/main.o
 .debug_abbrev  0x000001a9      0x1c8 ./Sources/mcu_tracer.o
 .debug_abbrev  0x00000371      0x234 ./Sources/uart1.o
 .debug_abbrev  0x000005a5       0x14 ./Project_Settings/Startup_Code/startup_MK22F51212.o
 .debug_abbrev  0x000005b9      0x141 ./Project_Settings/Startup_Code/system_MK22F51212.o

.debug_aranges  0x00000000      0x1c0
 .debug_aranges
                0x00000000       0x38 ./Sources/leds.o
 .debug_aranges
                0x00000038       0x28 ./Sources/main.o
 .debug_aranges
                0x00000060       0xa0 ./Sources/mcu_tracer.o
 .debug_aranges
                0x00000100       0x78 ./Sources/uart1.o
 .debug_aranges
                0x00000178       0x20 ./Project_Settings/Startup_Code/startup_MK22F51212.o
 .debug_aranges
                0x00000198       0x28 ./Project_Settings/Startup_Code/system_MK22F51212.o

.debug_ranges   0x00000000      0x168
 .debug_ranges  0x00000000       0x28 ./Sources/leds.o
 .debug_ranges  0x00000028       0x18 ./Sources/main.o
 .debug_ranges  0x00000040       0xa8 ./Sources/mcu_tracer.o
 .debug_ranges  0x000000e8       0x68 ./Sources/uart1.o
 .debug_ranges  0x00000150       0x18 ./Project_Settings/Startup_Code/system_MK22F51212.o

.debug_macro    0x00000000     0x1351
 .debug_macro   0x00000000       0x8d ./Sources/leds.o
 .debug_macro   0x0000008d      0x146 ./Sources/main.o
 .debug_macro   0x000001d3       0x58 ./Sources/main.o
 .debug_macro   0x0000022b       0x35 ./Sources/main.o
 .debug_macro   0x00000260       0xa3 ./Sources/main.o
 .debug_macro   0x00000303      0x166 ./Sources/main.o
 .debug_macro   0x00000469       0x4a ./Sources/main.o
 .debug_macro   0x000004b3       0x52 ./Sources/main.o
 .debug_macro   0x00000505       0x16 ./Sources/main.o
 .debug_macro   0x0000051b       0x43 ./Sources/main.o
 .debug_macro   0x0000055e      0x180 ./Sources/main.o
 .debug_macro   0x000006de      0x2a6 ./Sources/main.o
 .debug_macro   0x00000984       0x10 ./Sources/main.o
 .debug_macro   0x00000994       0x35 ./Sources/main.o
 .debug_macro   0x000009c9      0x20f ./Sources/main.o
 .debug_macro   0x00000bd8       0x10 ./Sources/main.o
 .debug_macro   0x00000be8      0x10a ./Sources/mcu_tracer.o
 .debug_macro   0x00000cf2      0x175 ./Sources/uart1.o
 .debug_macro   0x00000e67       0x16 ./Sources/uart1.o
 .debug_macro   0x00000e7d       0x97 ./Sources/uart1.o
 .debug_macro   0x00000f14       0x10 ./Sources/uart1.o
 .debug_macro   0x00000f24       0xef ./Sources/uart1.o
 .debug_macro   0x00001013       0x10 ./Sources/uart1.o
 .debug_macro   0x00001023       0x22 ./Sources/uart1.o
 .debug_macro   0x00001045       0xbd ./Sources/uart1.o
 .debug_macro   0x00001102       0x16 ./Sources/uart1.o
 .debug_macro   0x00001118      0x14a ./Sources/uart1.o
 .debug_macro   0x00001262       0x88 ./Project_Settings/Startup_Code/system_MK22F51212.o
 .debug_macro   0x000012ea       0x67 ./Project_Settings/Startup_Code/system_MK22F51212.o

.debug_line     0x00000000     0x10a2
 .debug_line    0x00000000      0x219 ./Sources/leds.o
 .debug_line    0x00000219      0x319 ./Sources/main.o
 .debug_line    0x00000532      0x489 ./Sources/mcu_tracer.o
 .debug_line    0x000009bb      0x3b3 ./Sources/uart1.o
 .debug_line    0x00000d6e       0x7b ./Project_Settings/Startup_Code/startup_MK22F51212.o
 .debug_line    0x00000de9      0x2b9 ./Project_Settings/Startup_Code/system_MK22F51212.o

.debug_str      0x00000000    0x62764
 .debug_str     0x00000000    0x5ebda ./Sources/leds.o
                              0x5ed47 (size before relaxing)
 .debug_str     0x0005ebda     0x24f6 ./Sources/main.o
                              0x61167 (size before relaxing)
 .debug_str     0x000610d0      0x287 ./Sources/mcu_tracer.o
                               0x5705 (size before relaxing)
 .debug_str     0x00061357      0xd9f ./Sources/uart1.o
                              0x6108f (size before relaxing)
 .debug_str     0x000620f6      0x66e ./Project_Settings/Startup_Code/system_MK22F51212.o
                              0x5f386 (size before relaxing)

.comment        0x00000000       0x70
 .comment       0x00000000       0x70 ./Sources/leds.o
                                 0x71 (size before relaxing)
 .comment       0x00000000       0x71 ./Sources/main.o
 .comment       0x00000000       0x71 ./Sources/mcu_tracer.o
 .comment       0x00000000       0x71 ./Sources/uart1.o
 .comment       0x00000000       0x71 ./Project_Settings/Startup_Code/system_MK22F51212.o

.debug_frame    0x00000000      0x4f8
 .debug_frame   0x00000000       0x70 ./Sources/leds.o
 .debug_frame   0x00000070       0x4c ./Sources/main.o
 .debug_frame   0x000000bc      0x214 ./Sources/mcu_tracer.o
 .debug_frame   0x000002d0      0x150 ./Sources/uart1.o
 .debug_frame   0x00000420       0x44 ./Project_Settings/Startup_Code/system_MK22F51212.o
 .debug_frame   0x00000464       0x28 /opt/Freescale/KDS_v3/toolchain/bin/../lib/gcc/arm-none-eabi/4.8.4/../../../../arm-none-eabi/lib/armv7e-m/fpu/libg_s.a(lib_a-exit.o)
 .debug_frame   0x0000048c       0x2c /opt/Freescale/KDS_v3/toolchain/bin/../lib/gcc/arm-none-eabi/4.8.4/../../../../arm-none-eabi/lib/armv7e-m/fpu/libg_s.a(lib_a-init.o)
 .debug_frame   0x000004b8       0x20 /opt/Freescale/KDS_v3/toolchain/bin/../lib/gcc/arm-none-eabi/4.8.4/../../../../arm-none-eabi/lib/armv7e-m/fpu/libg_s.a(lib_a-memset.o)
 .debug_frame   0x000004d8       0x20 /opt/Freescale/KDS_v3/toolchain/bin/../lib/gcc/arm-none-eabi/4.8.4/../../../../arm-none-eabi/lib/armv7e-m/fpu/libnosys.a(_exit.o)
